// Vitest Snapshot v1, https://vitest.dev/guide/snapshot.html

exports[`Incorrect Config > GIVEN incorrect filter THEN warns and uses all filter 1`] = `
"var __create = Object.create;
var __defProp = Object.defineProperty;
var __getOwnPropDesc = Object.getOwnPropertyDescriptor;
var __getOwnPropNames = Object.getOwnPropertyNames;
var __getProtoOf = Object.getPrototypeOf;
var __hasOwnProp = Object.prototype.hasOwnProperty;
var __commonJS = (cb, mod) => function __require() {
  return mod || (0, cb[__getOwnPropNames(cb)[0]])((mod = { exports: {} }).exports, mod), mod.exports;
};
var __copyProps = (to, from, except, desc) => {
  if (from && typeof from === "object" || typeof from === "function") {
    for (let key of __getOwnPropNames(from))
      if (!__hasOwnProp.call(to, key) && key !== except)
        __defProp(to, key, { get: () => from[key], enumerable: !(desc = __getOwnPropDesc(from, key)) || desc.enumerable });
  }
  return to;
};
var __toESM = (mod, isNodeMode, target) => (target = mod != null ? __create(__getProtoOf(mod)) : {}, __copyProps(
  // If the importer is in node compatibility mode or this is not an ESM
  // file that has been converted to a CommonJS file using a Babel-
  // compatible transform (i.e. "__esModule" has not been set), then set
  // "default" to the CommonJS "module.exports" for node compatibility.
  isNodeMode || !mod || !mod.__esModule ? __defProp(target, "default", { value: mod, enumerable: true }) : target,
  mod
));

// tests/fixtures/importables/importable.cjs
var require_importable = __commonJS({
  "tests/fixtures/importables/importable.cjs"(exports, module) {
    "use strict";
    module.exports = {
      exportedCJSFunction() {
        return 1 + 1;
      }
    };
  }
});

// tests/fixtures/build-in/typescript.mts
var import_importable2 = __toESM(require_importable(), 1);
import { exportedTSFunction } from "../importables/importable.mjs";

// tests/fixtures/importables/importable.mjs
function exportedMJSFunction() {
  return 1 + 1;
}

// tests/fixtures/build-in/typescript.mts
exportedTSFunction();
(0, import_importable2.exportedCJSFunction)();
exportedMJSFunction();
"
`;
